工作目录: D:\黄洛霖的文件\竞赛\数模赛\CUMUCM2026A
网格: Nr=40, Nz=250, N=10000 单元, dr=0.0500 cm, dz=0.0500 cm
物理域: r in [0, 2.0] cm, z in [0, 12.500] cm (半长), dt=30.0 s

==============================================================================
情形 A_insulated_ends  (端面绝热绝湿)
==============================================================================
    t =   4.167 h  C_max = 1.409601  T_center =  49.996  [500 步, 215 s, 430.3 ms/步]
    t =   8.333 h  C_max = 0.707875  T_center =  49.999  [1000 步, 453 s, 453.5 ms/步]
    t =  12.500 h  C_max = 0.435452  T_center =  49.999  [1500 步, 707 s, 471.6 ms/步]
    t =  16.667 h  C_max = 0.321119  T_center =  49.999  [2000 步, 838 s, 419.1 ms/步]
    t =  20.833 h  C_max = 0.264536  T_center =  49.999  [2500 步, 916 s, 366.5 ms/步]
    t =  25.000 h  C_max = 0.231460  T_center =  49.999  [3000 步, 993 s, 331.1 ms/步]
    t =  29.167 h  C_max = 0.209682  T_center =  49.999  [3500 步, 1069 s, 305.5 ms/步]
    t =  33.333 h  C_max = 0.194139  T_center =  49.999  [4000 步, 1137 s, 284.3 ms/步]
    t =  37.500 h  C_max = 0.182401  T_center =  49.999  [4500 步, 1195 s, 265.5 ms/步]
    t =  41.667 h  C_max = 0.173165  T_center =  49.999  [5000 步, 1256 s, 251.3 ms/步]
    t =  45.833 h  C_max = 0.165668  T_center =  49.999  [5500 步, 1317 s, 239.5 ms/步]
    t =  50.000 h  C_max = 0.159431  T_center =  49.999  [6000 步, 1386 s, 231.0 ms/步]
    t =  54.167 h  C_max = 0.154142  T_center =  49.999  [6500 步, 1458 s, 224.3 ms/步]
    [达标] 离散步 t = 57.9333 h，插值穿越 t* = 57.9289 h (6952 步, 用时 1570 s)
  -> 插值穿越 t* = 57.9289 h
     用时 1570 s, 225.8 ms/步

==============================================================================
情形 B_exposed_ends  (端面暴露)
==============================================================================
    t =   4.167 h  C_max = 1.409585  T_center =  49.996  [500 步, 276 s, 551.9 ms/步]
    t =   8.333 h  C_max = 0.707867  T_center =  49.999  [1000 步, 586 s, 585.7 ms/步]
    t =  12.500 h  C_max = 0.435447  T_center =  49.999  [1500 步, 765 s, 509.9 ms/步]
    t =  16.667 h  C_max = 0.321115  T_center =  49.999  [2000 步, 947 s, 473.7 ms/步]
    t =  20.833 h  C_max = 0.264532  T_center =  49.999  [2500 步, 1150 s, 459.9 ms/步]
    t =  25.000 h  C_max = 0.231457  T_center =  49.999  [3000 步, 1327 s, 442.2 ms/步]
    t =  29.167 h  C_max = 0.209679  T_center =  49.999  [3500 步, 1459 s, 416.9 ms/步]
    t =  33.333 h  C_max = 0.194135  T_center =  49.999  [4000 步, 1654 s, 413.5 ms/步]
    t =  37.500 h  C_max = 0.182398  T_center =  49.999  [4500 步, 1823 s, 405.0 ms/步]
    t =  41.667 h  C_max = 0.173162  T_center =  49.999  [5000 步, 1990 s, 398.0 ms/步]
    t =  45.833 h  C_max = 0.165665  T_center =  49.999  [5500 步, 2156 s, 392.1 ms/步]
    t =  50.000 h  C_max = 0.159429  T_center =  49.999  [6000 步, 2283 s, 380.5 ms/步]
    t =  54.167 h  C_max = 0.154140  T_center =  49.999  [6500 步, 2351 s, 361.7 ms/步]
    [达标] 离散步 t = 57.9333 h，插值穿越 t* = 57.9268 h (6952 步, 用时 2408 s)
  -> 插值穿越 t* = 57.9268 h
     用时 2408 s, 346.4 ms/步

==============================================================================
端面效应
==============================================================================
  情形 A（端面绝热绝湿）t* = 57.9289 h
  情形 B（端面暴露）    t* = 57.9268 h
  端面效应   Δt* = -7.6 s (-0.004%)
  情形 A 相对一维高分辨率(57.5224 h)偏差 = +1463.5 s (+0.707%)  <- 径向网格误差

完成。结果已写入: D:\黄洛霖的文件\竞赛\数模赛\CUMUCM2026A\附件\附件3\论证_端面效应.json
